../Application/stmpe811.c:183:13:IOE_Delay	16	static
../Application/stmpe811.c:188:13:I2Cx_Error	16	static
../Application/stmpe811.c:197:16:I2Cx_Read	40	static
../Application/stmpe811.c:214:13:I2Cx_Write	40	static
../Application/stmpe811.c:228:6:IOE_Write	16	static
../Application/stmpe811.c:233:9:IOE_Read	16	static
../Application/stmpe811.c:238:26:I2Cx_ReadMultiple	48	static
../Application/stmpe811.c:253:13:stmpe811_IO_DisableAF	24	static
../Application/stmpe811.c:268:13:stmpe811_IO_EnableAF	24	static
../Application/stmpe811.c:282:13:stmpe811_Reset	16	static
../Application/stmpe811.c:297:13:IOE_Init	8	static
../Application/stmpe811.c:302:13:stmpe811_Init	16	static
../Application/stmpe811.c:312:17:stmpe811_ReadID	24	static
../Application/stmpe811.c:322:13:stmpe811_EnableGlobalIT	24	static
../Application/stmpe811.c:336:13:stmpe811_EnableITSource	24	static
../Application/stmpe811.c:350:13:stmpe811_ClearGlobalIT	16	static
../Application/stmpe811.c:356:13:stmpe811_IO_Start	24	static
../Application/stmpe811.c:373:13:stmpe811_IO_WritePin	16	static
../Application/stmpe811.c:388:17:stmpe811_IO_ReadPin	16	static
../Application/stmpe811.c:393:13:stmpe811_IO_ClearIT	16	static
../Application/stmpe811.c:411:17:IOE_ReadMultiple	24	static
../Application/stmpe811.c:416:13:stmpe811_TS_Start	24	static
../Application/stmpe811.c:486:16:stmpe811_TS_DetectTouch	24	static
../Application/stmpe811.c:511:13:stmpe811_TS_GetXY	32	static
../Application/stmpe811.c:529:13:stmpe811_TS_EnableIT	16	static
../Application/stmpe811.c:538:13:stmpe811_TS_ClearIT	16	static
../Application/stmpe811.c:569:9:BSP_TS_Init	24	static
../Application/stmpe811.c:597:9:BSP_TS_GetState	32	static
../Application/stmpe811.c:645:6:BSP_TS_ClearIT	8	static
