../Application/LCD/LCD_fonts_images.c:144:12:MyRealizeSpaceCorrect	16	static
../Application/LCD/LCD_fonts_images.c:154:12:RealizeWidthConst	16	static
../Application/LCD/LCD_fonts_images.c:164:13:LCD_CopyBuff2pLcd	88	static
../Application/LCD/LCD_fonts_images.c:199:13:LCD_CopyBuff2pLcdIndirect	72	static
../Application/LCD/LCD_fonts_images.c:234:13:_StartLine	24	static
../Application/LCD/LCD_fonts_images.c:237:13:_NextLine	16	static
../Application/LCD/LCD_fonts_images.c:240:13:_FillBuff	72	static
../Application/LCD/LCD_fonts_images.c:266:13:LCD_RectangleBuff	32	static
../Application/LCD/LCD_fonts_images.c:292:12:RealizeSpaceCorrect	32	static
../Application/LCD/LCD_fonts_images.c:303:13:CorrectFloatRange	24	static
../Application/LCD/LCD_fonts_images.c:322:7:_Color2YCrCb	32	static
../Application/LCD/LCD_fonts_images.c:311:13:CalculateFontCoeff	112	static
../Application/LCD/LCD_fonts_images.c:355:17:GetCalculatedRGB	40	static
../Application/LCD/LCD_fonts_images.c:383:12:LoadFontIndex	32	static
../Application/LCD/LCD_fonts_images.c:400:12:SearchFontIndex	32	static
../Application/LCD/LCD_fonts_images.c:414:16:ReturnFontSize	16	static
../Application/LCD/LCD_fonts_images.c:418:13:SetFontHeightHalf	16	static
../Application/LCD/LCD_fonts_images.c:422:12:LCD_GetFontID	32	static
../Application/LCD/LCD_fonts_images.c:436:13:DynamicFontMemoryAllocation	16	static
../Application/LCD/LCD_fonts_images.c:449:13:SearchFontsField	40	static
../Application/LCD/LCD_fonts_images.c:475:17:CountCharLenght	48	static
../Application/LCD/LCD_fonts_images.c:507:12:CountHalfHeightForDot	40	static
../Application/LCD/LCD_fonts_images.c:528:13:SearchCurrentFont_TablePos	72	static
../Application/LCD/LCD_fonts_images.c:587:13:LCD_Set_ConstWidthFonts	48	static
../Application/LCD/LCD_fonts_images.c:632:13:LCD_Reset_ConstWidthFonts	40	static
../Application/LCD/LCD_fonts_images.c:664:24:LCD_DrawStrToBuff	160	static
../Application/LCD/LCD_fonts_images.c:768:24:LCD_DrawStrIndirectToBuffAndDisplay	152	static
../Application/LCD/LCD_fonts_images.c:870:24:LCD_DrawStrChangeColorToBuff	152	static
../Application/LCD/LCD_fonts_images.c:960:24:LCD_DrawStrChangeColorIndirectToBuffAndDisplay	152	static
../Application/LCD/LCD_fonts_images.c:1047:24:LCD_DrawStr	64	static
../Application/LCD/LCD_fonts_images.c:1053:24:LCD_DrawStrIndirect	72	static
../Application/LCD/LCD_fonts_images.c:1059:24:LCD_DrawStrChangeColor	64	static
../Application/LCD/LCD_fonts_images.c:1067:24:LCD_DrawStrChangeColorIndirect	72	static
../Application/LCD/LCD_fonts_images.c:1076:13:LCD_StartInsertingSpacesBetweenFonts	16	static
../Application/LCD/LCD_fonts_images.c:1086:17:LCD_GetPtr2SpacesBetweenFontsStruct	4	static
../Application/LCD/LCD_fonts_images.c:1089:12:LCD_GetSpacesBetweenFontsStructSize	4	static
../Application/LCD/LCD_fonts_images.c:1092:17:LCD_GetStructSpaceCount	4	static
../Application/LCD/LCD_fonts_images.c:1095:12:ReadSpacesBetweenFontsFromSDcard	16	static
../Application/LCD/LCD_fonts_images.c:1109:6:LCD_SetStrVar_bkColor	16	static
../Application/LCD/LCD_fonts_images.c:1112:6:LCD_SetStrVar_fontColor	16	static
../Application/LCD/LCD_fonts_images.c:1115:6:LCD_SetStrVar_x	16	static
../Application/LCD/LCD_fonts_images.c:1118:6:LCD_SetStrVar_y	16	static
../Application/LCD/LCD_fonts_images.c:1121:6:LCD_OffsStrVar_x	16	static
../Application/LCD/LCD_fonts_images.c:1124:6:LCD_OffsStrVar_y	16	static
../Application/LCD/LCD_fonts_images.c:1127:6:LCD_SetStrVar_heightType	16	static
../Application/LCD/LCD_fonts_images.c:1130:6:LCD_SetStrVar_widthType	16	static
../Application/LCD/LCD_fonts_images.c:1133:6:LCD_SetStrVar_coeff	16	static
../Application/LCD/LCD_fonts_images.c:1136:6:LCD_SetStrVar_space	16	static
../Application/LCD/LCD_fonts_images.c:1139:6:LCD_SetStrVar_fontID	16	static
../Application/LCD/LCD_fonts_images.c:1142:6:LCD_SetStrVar_bkScreenColor	16	static
../Application/LCD/LCD_fonts_images.c:1145:6:LCD_SetStrVar_Mov_posWin	16	static
../Application/LCD/LCD_fonts_images.c:1149:10:LCD_GetStrVar_bkColor	16	static
../Application/LCD/LCD_fonts_images.c:1152:10:LCD_GetStrVar_fontColor	16	static
../Application/LCD/LCD_fonts_images.c:1155:5:LCD_GetStrVar_x	16	static
../Application/LCD/LCD_fonts_images.c:1158:5:LCD_GetStrVar_y	16	static
../Application/LCD/LCD_fonts_images.c:1161:5:LCD_GetStrVar_heightType	16	static
../Application/LCD/LCD_fonts_images.c:1164:5:LCD_GetStrVar_widthType	16	static
../Application/LCD/LCD_fonts_images.c:1167:5:LCD_GetStrVar_coeff	16	static
../Application/LCD/LCD_fonts_images.c:1170:5:LCD_GetStrVar_space	16	static
../Application/LCD/LCD_fonts_images.c:1173:5:LCD_GetStrVar_fontID	16	static
../Application/LCD/LCD_fonts_images.c:1176:5:LCD_GetStrVar_bkScreenColor	16	static
../Application/LCD/LCD_fonts_images.c:1179:5:LCD_GetStrVar_Mov_posWin	16	static
../Application/LCD/LCD_fonts_images.c:1183:6:LCD_DeleteAllFontAndImages	16	static
../Application/LCD/LCD_fonts_images.c:1215:5:LCD_DeleteFont	32	static
../Application/LCD/LCD_fonts_images.c:1245:7:LCD_FontSize2Str	24	static
../Application/LCD/LCD_fonts_images.c:1306:7:LCD_FontStyle2Str	24	static
../Application/LCD/LCD_fonts_images.c:1319:6:DisplayFontsStructState	88	static
../Application/LCD/LCD_fonts_images.c:1328:6:InfoForImagesFonts	24	static
../Application/LCD/LCD_fonts_images.c:1332:5:LCD_LoadFont	144	static
../Application/LCD/LCD_fonts_images.c:1599:5:LCD_LoadFont_WhiteBlack	32	static
../Application/LCD/LCD_fonts_images.c:1602:5:LCD_LoadFont_DarkgrayGreen	32	static
../Application/LCD/LCD_fonts_images.c:1605:5:LCD_LoadFont_DarkgrayRed	32	static
../Application/LCD/LCD_fonts_images.c:1608:5:LCD_LoadFont_DarkgrayBlue	32	static
../Application/LCD/LCD_fonts_images.c:1611:5:LCD_LoadFont_BrownWhite	32	static
../Application/LCD/LCD_fonts_images.c:1614:5:LCD_LoadFont_DarkgrayWhite	32	static
../Application/LCD/LCD_fonts_images.c:1617:5:LCD_LoadFont_ChangeColor	24	static
../Application/LCD/LCD_fonts_images.c:1621:17:LCD_Str	72	static
../Application/LCD/LCD_fonts_images.c:1624:17:LCD_StrWindow	64	static
../Application/LCD/LCD_fonts_images.c:1627:17:LCD_StrIndirect	80	static
../Application/LCD/LCD_fonts_images.c:1630:17:LCD_StrWindowIndirect	72	static
../Application/LCD/LCD_fonts_images.c:1635:17:LCD_StrChangeColor	80	static
../Application/LCD/LCD_fonts_images.c:1638:17:LCD_StrChangeColorWindow	72	static
../Application/LCD/LCD_fonts_images.c:1641:17:LCD_StrChangeColorIndirect	80	static
../Application/LCD/LCD_fonts_images.c:1644:17:LCD_StrChangeColorWindowIndirect	80	static
../Application/LCD/LCD_fonts_images.c:1649:17:LCD_StrVar	56	static
../Application/LCD/LCD_fonts_images.c:1673:17:LCD_StrDescrVar	64	static
../Application/LCD/LCD_fonts_images.c:1679:13:LCD_DimensionBkCorrect	112	static
../Application/LCD/LCD_fonts_images.c:1712:17:LCD_StrVarIndirect	72	static
../Application/LCD/LCD_fonts_images.c:1721:17:LCD_StrChangeColorVar	64	static
../Application/LCD/LCD_fonts_images.c:1746:17:LCD_StrChangeColorVarIndirect	80	static
../Application/LCD/LCD_fonts_images.c:1755:6:LCD_ResetStrMovBuffPos	4	static
../Application/LCD/LCD_fonts_images.c:1758:6:LCD_DisplayStrMovBuffState	16	static
../Application/LCD/LCD_fonts_images.c:1764:17:LCD_StrRot	112	static
../Application/LCD/LCD_fonts_images.c:1781:17:LCD_StrChangeColorRot	120	static
../Application/LCD/LCD_fonts_images.c:1798:17:LCD_StrRotVar	112	static
../Application/LCD/LCD_fonts_images.c:1834:17:LCD_StrChangeColorRotVar	120	static
../Application/LCD/LCD_fonts_images.c:1870:17:LCD_StrRotVarIndirect	128	static
../Application/LCD/LCD_fonts_images.c:1898:17:LCD_StrChangeColorRotVarIndirect	136	static
../Application/LCD/LCD_fonts_images.c:1927:17:LCD_StrRotWin	152	dynamic
../Application/LCD/LCD_fonts_images.c:1975:17:LCD_StrChangeColorRotWin	160	dynamic
../Application/LCD/LCD_fonts_images.c:2026:17:LCD_StrMovH	120	static
../Application/LCD/LCD_fonts_images.c:2091:17:LCD_StrChangeColorMovH	128	static
../Application/LCD/LCD_fonts_images.c:2156:5:LCD_StrMovHIndirect	96	static
../Application/LCD/LCD_fonts_images.c:2308:17:LCD_StrMovV	152	dynamic
../Application/LCD/LCD_fonts_images.c:2397:17:LCD_StrChangeColorMovV	160	dynamic
../Application/LCD/LCD_fonts_images.c:2489:5:LCD_StrMovVIndirect	96	static
../Application/LCD/LCD_fonts_images.c:2642:5:LCD_GetWholeStrPxlWidth	48	static
../Application/LCD/LCD_fonts_images.c:2659:5:LCD_GetStrPxlWidth	48	static
../Application/LCD/LCD_fonts_images.c:2675:5:LCD_GetStrLenForPxlWidth	56	static
../Application/LCD/LCD_fonts_images.c:2698:5:LCD_GetFontWidth	32	static
../Application/LCD/LCD_fonts_images.c:2706:5:LCD_GetFontHeight	32	static
../Application/LCD/LCD_fonts_images.c:2715:5:LCD_GetFontHalfHeight	32	static
../Application/LCD/LCD_fonts_images.c:2724:5:CopyCharsTab	40	static
../Application/LCD/LCD_fonts_images.c:2761:5:LCD_SelectedSpaceBetweenFontsIncrDecr	24	static
../Application/LCD/LCD_fonts_images.c:2801:6:LCD_DisplayRemeberedSpacesBetweenFonts	112	static
../Application/LCD/LCD_fonts_images.c:2808:6:LCD_WriteSpacesBetweenFontsOnSDcard	16	static
../Application/LCD/LCD_fonts_images.c:2814:6:LCD_ResetSpacesBetweenFonts	8	static
../Application/LCD/LCD_fonts_images.c:2818:6:LCD_SetSpacesBetweenFonts	8	static
../Application/LCD/LCD_fonts_images.c:2823:10:LCD_Ypos	24	static
../Application/LCD/LCD_fonts_images.c:2837:10:LCD_Xpos	24	static
../Application/LCD/LCD_fonts_images.c:2853:10:LCD_Ymiddle	24	static
../Application/LCD/LCD_fonts_images.c:2867:10:LCD_Xmiddle	32	static
