../Application/LCD/LCD_BasicGaphics.c:51:13:_Middle_RoundRectangleFrame	40	static
../Application/LCD/LCD_BasicGaphics.c:90:7:_Fill	16	static
../Application/LCD/LCD_BasicGaphics.c:76:13:LCD_DrawRoundRectangleFrame	80	static
../Application/LCD/LCD_BasicGaphics.c:98:7:_Out_AA_left	24	static
../Application/LCD/LCD_BasicGaphics.c:122:7:_Out_AA_right	24	static
../Application/LCD/LCD_BasicGaphics.c:183:13:PixelCorrect	40	static
../Application/LCD/LCD_BasicGaphics.c:189:13:InverseAndCopyBuff	24	static
../Application/LCD/LCD_BasicGaphics.c:195:13:_OffsetRightDown	40	static
../Application/LCD/LCD_BasicGaphics.c:215:13:_OffsetLeftDown	40	static
../Application/LCD/LCD_BasicGaphics.c:235:13:_OffsetLeftUp	40	static
../Application/LCD/LCD_BasicGaphics.c:255:13:LCD_CircleCorrect	4	static
../Application/LCD/LCD_BasicGaphics.c:262:17:GetDegFromPosK	48	static
../Application/LCD/LCD_BasicGaphics.c:269:13:OffsetKfromLineBuff	24	static
../Application/LCD/LCD_BasicGaphics.c:278:16:LCD_SearchLinePoints	56	static
../Application/LCD/LCD_BasicGaphics.c:369:16:LCD_SearchRadiusPoints	64	static
../Application/LCD/LCD_BasicGaphics.c:436:16:LCD_SearchRadiusPoints___	64	static
../Application/LCD/LCD_BasicGaphics.c:503:16:_DrawArrayBuffRightDown_AA___	72	static
../Application/LCD/LCD_BasicGaphics.c:603:16:_DrawArrayBuffLeftDown_AA___	72	static
../Application/LCD/LCD_BasicGaphics.c:686:16:_DrawArrayBuffLeftUp_AA___	64	static
../Application/LCD/LCD_BasicGaphics.c:745:16:_DrawArrayBuffRightUp_AA___	64	static
../Application/LCD/LCD_BasicGaphics.c:989:8:_Fill	72	dynamic
../Application/LCD/LCD_BasicGaphics.c:804:13:LCD_DrawCircle	256	dynamic
../Application/LCD/LCD_BasicGaphics.c:1029:8:_Change_AA	80	dynamic
../Application/LCD/LCD_BasicGaphics.c:1100:13:LCD_DrawHalfCircle	232	dynamic
../Application/LCD/LCD_BasicGaphics.c:1362:6:CorrectLineAA_on	4	static
../Application/LCD/LCD_BasicGaphics.c:1365:6:CorrectLineAA_off	4	static
../Application/LCD/LCD_BasicGaphics.c:1369:6:Set_AACoeff_RoundFrameRectangle	16	static
../Application/LCD/LCD_BasicGaphics.c:1374:6:_FillBuff	64	static
../Application/LCD/LCD_BasicGaphics.c:1401:6:_CopyDrawPos	4	static
../Application/LCD/LCD_BasicGaphics.c:1404:6:_SetCopyDrawPos	4	static
../Application/LCD/LCD_BasicGaphics.c:1407:6:_IncDrawPos	16	static
../Application/LCD/LCD_BasicGaphics.c:1411:6:_StartDrawLine	24	static
../Application/LCD/LCD_BasicGaphics.c:1414:10:_GetPosK	24	static
../Application/LCD/LCD_BasicGaphics.c:1417:10:_GetPosY	16	static
../Application/LCD/LCD_BasicGaphics.c:1420:10:_GetPosX	24	static
../Application/LCD/LCD_BasicGaphics.c:1423:16:_GetPosXY	40	static
../Application/LCD/LCD_BasicGaphics.c:1430:16:_GetPosXY___	40	static
../Application/LCD/LCD_BasicGaphics.c:1437:6:_NextDrawLine	16	static
../Application/LCD/LCD_BasicGaphics.c:1441:6:_DrawRight	24	static
../Application/LCD/LCD_BasicGaphics.c:1450:6:_DrawLeft	24	static
../Application/LCD/LCD_BasicGaphics.c:1459:6:_DrawDown	32	static
../Application/LCD/LCD_BasicGaphics.c:1469:6:_DrawUp	32	static
../Application/LCD/LCD_BasicGaphics.c:1479:6:Set_AACoeff_Draw	40	static
../Application/LCD/LCD_BasicGaphics.c:1496:6:_DrawRightDown	40	static
../Application/LCD/LCD_BasicGaphics.c:1529:6:_DrawRightDown_AA	56	static
../Application/LCD/LCD_BasicGaphics.c:1577:6:_DrawArrayRightDown	36	static
../Application/LCD/LCD_BasicGaphics.c:1608:6:_DrawArrayRightDown_AA	56	static
../Application/LCD/LCD_BasicGaphics.c:1660:6:_DrawArrayBuffRightDown_AA_new	72	static
../Application/LCD/LCD_BasicGaphics.c:1784:7:XXX	32	static
../Application/LCD/LCD_BasicGaphics.c:1779:6:_DrawArrayBuffRightDown_AA	80	static
../Application/LCD/LCD_BasicGaphics.c:1842:6:_DrawRightUp	40	static
../Application/LCD/LCD_BasicGaphics.c:1875:6:_DrawRightUp_AA	56	static
../Application/LCD/LCD_BasicGaphics.c:1923:6:_DrawArrayRightUp	36	static
../Application/LCD/LCD_BasicGaphics.c:1954:6:_DrawArrayRightUp_AA	56	static
../Application/LCD/LCD_BasicGaphics.c:2006:6:_DrawArrayBuffRightUp_AA	64	static
../Application/LCD/LCD_BasicGaphics.c:2055:6:_DrawLeftDown	40	static
../Application/LCD/LCD_BasicGaphics.c:2088:6:_DrawLeftDown_AA	56	static
../Application/LCD/LCD_BasicGaphics.c:2136:6:_DrawArrayLeftDown	36	static
../Application/LCD/LCD_BasicGaphics.c:2167:6:_DrawArrayLeftDown_AA	56	static
../Application/LCD/LCD_BasicGaphics.c:2220:6:_DrawArrayBuffLeftDown_AA	64	static
../Application/LCD/LCD_BasicGaphics.c:2270:6:_DrawLeftUp	40	static
../Application/LCD/LCD_BasicGaphics.c:2303:6:_DrawLeftUp_AA	56	static
../Application/LCD/LCD_BasicGaphics.c:2351:6:_DrawArrayLeftUp	36	static
../Application/LCD/LCD_BasicGaphics.c:2382:6:_DrawArrayLeftUp_AA	56	static
../Application/LCD/LCD_BasicGaphics.c:2435:6:_DrawArrayBuffLeftUp_AA	64	static
../Application/LCD/LCD_BasicGaphics.c:2485:6:LCD_Display	32	static
../Application/LCD/LCD_BasicGaphics.c:2488:6:LCD_Show	24	static
../Application/LCD/LCD_BasicGaphics.c:2492:6:LCD_Shape	64	static
../Application/LCD/LCD_BasicGaphics.c:2495:6:LCD_ShapeWindow	56	static
../Application/LCD/LCD_BasicGaphics.c:2498:6:LCD_ShapeIndirect	56	static
../Application/LCD/LCD_BasicGaphics.c:2502:6:LCD_ShapeWindowIndirect	56	static
../Application/LCD/LCD_BasicGaphics.c:2507:6:LCD_Clear	64	static
../Application/LCD/LCD_BasicGaphics.c:2510:6:LCD_ClearIndirect	56	static
../Application/LCD/LCD_BasicGaphics.c:2513:10:SetColorBoldFrame	16	static
../Application/LCD/LCD_BasicGaphics.c:2517:6:LCD_Rectangle	32	static
../Application/LCD/LCD_BasicGaphics.c:2533:6:LCD_Frame	32	static
../Application/LCD/LCD_BasicGaphics.c:2550:6:LCD_BoldRectangle	56	static
../Application/LCD/LCD_BasicGaphics.c:2580:6:LCD_BoldFrame	56	static
../Application/LCD/LCD_BasicGaphics.c:2612:6:LCD_RoundFrame	56	static
../Application/LCD/LCD_BasicGaphics.c:2615:6:LCD_RoundRectangle	56	static
../Application/LCD/LCD_BasicGaphics.c:2619:6:LCD_BoldRoundRectangle	72	static
../Application/LCD/LCD_BasicGaphics.c:2629:6:LCD_BoldRoundFrame	80	static
../Application/LCD/LCD_BasicGaphics.c:2659:7:_FFFFFFFFFF	16	static
../Application/LCD/LCD_BasicGaphics.c:2646:6:DrawLine	216	dynamic
../Application/LCD/LCD_BasicGaphics.c:2742:7:_GetNmbPxls	32	static
../Application/LCD/LCD_BasicGaphics.c:2769:7:Pxl_V	40	static
../Application/LCD/LCD_BasicGaphics.c:2793:7:Pxl_H	40	static
../Application/LCD/LCD_BasicGaphics.c:2817:8:_GetNmbPxlsAndLoadToBuff	32	static
../Application/LCD/LCD_BasicGaphics.c:3001:6:LCD_KeyBackspace	64	static
../Application/LCD/LCD_BasicGaphics.c:3040:6:LCD_Znak_XX	24	static
../Application/LCD/LCD_BasicGaphics.c:3167:6:LCD_SetCircleParam	24	static
../Application/LCD/LCD_BasicGaphics.c:3181:6:LCD_SetCircleDegrees	24	static
../Application/LCD/LCD_BasicGaphics.c:3221:6:LCD_SetCircleDegreesBuff	32	static
../Application/LCD/LCD_BasicGaphics.c:3258:6:LCD_SetCircleDegColors	16	static
../Application/LCD/LCD_BasicGaphics.c:3268:6:LCD_SetCircleDegColorsBuff	24	static
../Application/LCD/LCD_BasicGaphics.c:3275:6:LCD_SetCirclePercentParam	24	static
../Application/LCD/LCD_BasicGaphics.c:3279:6:LCD_SetCircleDegree	16	static
../Application/LCD/LCD_BasicGaphics.c:3282:10:LCD_GetCircleDegree	16	static
../Application/LCD/LCD_BasicGaphics.c:3286:10:SetParamWidthCircle	16	static
../Application/LCD/LCD_BasicGaphics.c:3289:6:LCD_SetCircleLine	16	static
../Application/LCD/LCD_BasicGaphics.c:3292:6:LCD_OffsCircleLine	16	static
../Application/LCD/LCD_BasicGaphics.c:3295:6:LCD_SetCircleAA	16	static
../Application/LCD/LCD_BasicGaphics.c:3299:6:LCD_CopyCircleAA	4	static
../Application/LCD/LCD_BasicGaphics.c:3303:6:LCD_SetCopyCircleAA	4	static
../Application/LCD/LCD_BasicGaphics.c:3308:10:LCD_GetCircleWidth	4	static
../Application/LCD/LCD_BasicGaphics.c:3311:6:LCD_CopyCircleWidth	4	static
../Application/LCD/LCD_BasicGaphics.c:3314:6:LCD_SetCopyCircleWidth	4	static
../Application/LCD/LCD_BasicGaphics.c:3318:10:LCD_CalculateCircleWidth	96	static
../Application/LCD/LCD_BasicGaphics.c:3371:6:LCD_Circle	80	static
../Application/LCD/LCD_BasicGaphics.c:3396:6:LCD_HalfCircle	72	static
