../Application/LCD/Screens/SCREEN_ReadPanel.c:126:14:TXT_PosCursor	8	static
../Application/LCD/Screens/SCREEN_ReadPanel.c:130:13:ClearCursorField	32	static
../Application/LCD/Screens/SCREEN_ReadPanel.c:133:13:SetCursor	40	static
../Application/LCD/Screens/SCREEN_ReadPanel.c:161:6:Data2Refresh	40	static
../Application/LCD/Screens/SCREEN_ReadPanel.c:248:13:RefreshAllParam	8	static
../Application/LCD/Screens/SCREEN_ReadPanel.c:264:6:ChangeValRGB	24	static
../Application/LCD/Screens/SCREEN_ReadPanel.c:299:6:IncStepRGB	4	static
../Application/LCD/Screens/SCREEN_ReadPanel.c:302:6:DecStepRGB	4	static
../Application/LCD/Screens/SCREEN_ReadPanel.c:306:6:IncCoeffRGB	8	static
../Application/LCD/Screens/SCREEN_ReadPanel.c:315:6:DecCoeefRGB	8	static
../Application/LCD/Screens/SCREEN_ReadPanel.c:325:5:ChangeTxt	8	static
../Application/LCD/Screens/SCREEN_ReadPanel.c:329:6:ResetRGB	8	static
../Application/LCD/Screens/SCREEN_ReadPanel.c:373:13:LCD_LoadFontVar	16	static
../Application/LCD/Screens/SCREEN_ReadPanel.c:399:13:AdjustMiddle_X	16	static
../Application/LCD/Screens/SCREEN_ReadPanel.c:402:13:AdjustMiddle_Y	8	static
../Application/LCD/Screens/SCREEN_ReadPanel.c:406:6:ChangeFontStyle	8	static
../Application/LCD/Screens/SCREEN_ReadPanel.c:427:6:Inc_lenWin	8	static
../Application/LCD/Screens/SCREEN_ReadPanel.c:444:6:Dec_lenWin	8	static
../Application/LCD/Screens/SCREEN_ReadPanel.c:456:6:Inc_offsWin	8	static
../Application/LCD/Screens/SCREEN_ReadPanel.c:471:6:Dec_offsWin	8	static
../Application/LCD/Screens/SCREEN_ReadPanel.c:484:6:IncFontSize	16	static
../Application/LCD/Screens/SCREEN_ReadPanel.c:519:6:DecFontSize	16	static
../Application/LCD/Screens/SCREEN_ReadPanel.c:550:6:ChangeFontBoldItalNorm	8	static
../Application/LCD/Screens/SCREEN_ReadPanel.c:572:6:ReplaceLcdStrType	8	static
../Application/LCD/Screens/SCREEN_ReadPanel.c:598:6:Inc_PosCursor	8	static
../Application/LCD/Screens/SCREEN_ReadPanel.c:605:6:Dec_PosCursor	8	static
../Application/LCD/Screens/SCREEN_ReadPanel.c:613:6:IncDec_SpaceBetweenFont	32	static
../Application/LCD/Screens/SCREEN_ReadPanel.c:628:6:DisplayFontsWithChangeColorOrNot	8	static
../Application/LCD/Screens/SCREEN_ReadPanel.c:637:6:vtaskWifi	16	static
../Application/LCD/Screens/SCREEN_ReadPanel.c:647:13:SCREEN_ResetAllParameters	8	static
../Application/LCD/Screens/SCREEN_ReadPanel.c:654:6:NOWY_0	88	static
../Application/LCD/Screens/SCREEN_ReadPanel.c:709:6:NOWY_1	80	static
../Application/LCD/Screens/SCREEN_ReadPanel.c:767:6:NOWY_2	80	static
../Application/LCD/Screens/SCREEN_ReadPanel.c:884:6:NOWY_3	72	static
../Application/LCD/Screens/SCREEN_ReadPanel.c:952:13:_BkColor	16	static
../Application/LCD/Screens/SCREEN_ReadPanel.c:950:6:SCREEN_Test_Circle	72	static
../Application/LCD/Screens/SCREEN_ReadPanel.c:1099:6:SCREEN_ReadPanel	24	static
