../Drivers/CMSIS/Include/core_cm7.h:2229:22:SCB_EnableICache	4	static,ignoring_inline_asm
../Drivers/CMSIS/Include/core_cm7.h:2265:22:SCB_InvalidateICache	4	static,ignoring_inline_asm
../Drivers/CMSIS/Include/core_cm7.h:2281:22:SCB_EnableDCache	24	static,ignoring_inline_asm
../Drivers/CMSIS/Include/core_cm7.h:2357:22:SCB_InvalidateDCache	24	static,ignoring_inline_asm
../Core/Src/main.c:73:6:HARDWARE_Init	16	static
../Core/Src/main.c:125:5:main	8	static
../Core/Src/main.c:182:6:SystemClock_Config	88	static
../Core/Src/main.c:237:6:MPU_Config	24	static
../Core/Src/main.c:290:6:HAL_TIM_PeriodElapsedCallback	16	static
../Core/Src/main.c:307:6:Error_Handler	4	static,ignoring_inline_asm
