../Core/Src/stm32f7xx_it.c:79:6:NMI_Handler	8	static
../Core/Src/stm32f7xx_it.c:94:6:HardFault_Handler	8	static
../Core/Src/stm32f7xx_it.c:109:6:MemManage_Handler	8	static
../Core/Src/stm32f7xx_it.c:124:6:BusFault_Handler	8	static
../Core/Src/stm32f7xx_it.c:139:6:UsageFault_Handler	8	static
../Core/Src/stm32f7xx_it.c:154:6:DebugMon_Handler	8	static
../Core/Src/stm32f7xx_it.c:174:6:EXTI4_IRQHandler	8	static
../Core/Src/stm32f7xx_it.c:188:6:DMA1_Stream3_IRQHandler	8	static
../Core/Src/stm32f7xx_it.c:202:6:I2C1_EV_IRQHandler	8	static
../Core/Src/stm32f7xx_it.c:216:6:TIM8_TRG_COM_TIM14_IRQHandler	8	static
../Core/Src/stm32f7xx_it.c:230:6:SDMMC1_IRQHandler	8	static
../Core/Src/stm32f7xx_it.c:244:6:DMA2_Stream3_IRQHandler	8	static
../Core/Src/stm32f7xx_it.c:258:6:DMA2_Stream6_IRQHandler	8	static
../Core/Src/stm32f7xx_it.c:272:6:UART7_IRQHandler	8	static
../Core/Src/stm32f7xx_it.c:286:6:DMA2D_IRQHandler	8	static
