../Drivers/CMSIS/Include/core_cm7.h:2464:22:SCB_InvalidateDCache_by_Addr	32	static,ignoring_inline_asm
../Core/Src/usart.c:33:6:MX_UART7_Init	8	static
../Core/Src/usart.c:63:6:HAL_UART_MspInit	192	static
../Core/Src/usart.c:133:6:HAL_UART_MspDeInit	16	static
../Core/Src/usart.c:162:6:HAL_UART_TxCpltCallback	16	static
../Core/Src/usart.c:173:6:HAL_UART_RxCpltCallback	16	static
../Core/Src/usart.c:181:6:HAL_UART_ErrorCallback	16	static
../Core/Src/usart.c:189:6:DEBUG_Send	16	static
../Core/Src/usart.c:192:6:DEBUG_ReceiveStart	16	static
../Core/Src/usart.c:198:6:DEBUG_ReceiveStop	8	static
