../Application/General_Utilities/debug.c:20:6:DEBUG_Init	8	static
../Application/General_Utilities/debug.c:27:6:Dbg	16	static
../Application/General_Utilities/debug.c:33:6:DbgMulti	24	static
../Application/General_Utilities/debug.c:43:6:DbgVar	24	static
../Application/General_Utilities/debug.c:57:12:DEBUG_IsAnythingReceive	4	static
../Application/General_Utilities/debug.c:65:12:DEBUG_IsTxtReceive	16	static
../Application/General_Utilities/debug.c:77:6:DEBUG_RxFullBuffService	8	static
../Application/General_Utilities/debug.c:85:5:DEBUG_RcvStr	16	static
