../Drivers/CMSIS/Include/core_cm7.h:2464:22:SCB_InvalidateDCache_by_Addr	32	static,ignoring_inline_asm
../Drivers/CMSIS/Include/core_cm7.h:2491:22:SCB_CleanDCache_by_Addr	32	static,ignoring_inline_asm
../FATFS/Target/sd_diskio.c:139:12:SD_CheckStatusWithTimeout	24	static
../FATFS/Target/sd_diskio.c:160:16:SD_CheckStatus	16	static
../FATFS/Target/sd_diskio.c:177:9:SD_initialize	40	static
../FATFS/Target/sd_diskio.c:234:9:SD_status	16	static
../FATFS/Target/sd_diskio.c:252:9:SD_read	72	static
../FATFS/Target/sd_diskio.c:413:9:SD_write	72	static
../FATFS/Target/sd_diskio.c:580:9:SD_ioctl	56	static
../FATFS/Target/sd_diskio.c:635:6:BSP_SD_WriteCpltCallback	8	static
../FATFS/Target/sd_diskio.c:655:6:BSP_SD_ReadCpltCallback	8	static
